// Jest Snapshot v1, https://goo.gl/fbAQLP

exports[`External images Manifest.json is output correctly 1`] = `
Array [
  Object {
    "extension": "png",
    "output": "/_next/static/chunks/images/og_1920_75.png",
    "quality": 75,
    "src": "og.png",
    "width": 1920,
  },
  Object {
    "extension": "png",
    "output": "/_next/static/chunks/images/og_3840_75.png",
    "quality": 75,
    "src": "og.png",
    "width": 3840,
  },
]
`;
